******************************************************************************
                  TI ARM Linker PC v16.9.6                     
******************************************************************************
>> Linked Fri Jan 19 13:10:38 2018

OUTPUT FILE NAME:   <uart_echo.out>
ENTRY POINT SYMBOL: "_c_int00"  address: 00000639


MEMORY CONFIGURATION

         name            origin    length      used     unused   attr    fill
----------------------  --------  ---------  --------  --------  ----  --------
  FLASH                 00000000   00040000  00000916  0003f6ea  R  X
  SRAM                  20000000   00008000  00000118  00007ee8  RW X


SEGMENT ALLOCATION MAP

run origin  load origin   length   init length attrs members
----------  ----------- ---------- ----------- ----- -------
00000000    00000000    0000091c   0000091c    r-x
  00000000    00000000    0000026c   0000026c    r-- .intvecs
  0000026c    0000026c    0000058a   0000058a    r-x .text
  000007f8    000007f8    000000fc   000000fc    r-- .const
  000008f8    000008f8    00000024   00000024    r-- .cinit
20000000    20000000    00000118   00000000    rw-
  20000000    20000000    00000100   00000000    rw- .stack
  20000100    20000100    00000018   00000000    rw- .data


SECTION ALLOCATION MAP

 output                                  attributes/
section   page    origin      length       input sections
--------  ----  ----------  ----------   ----------------
.intvecs   0    00000000    0000026c     
                  00000000    0000026c     startup_ccs.obj (.intvecs)

.text      0    0000026c    0000058a     
                  0000026c    00000110     driverlib.lib : sysctl.obj (.text:SysCtlClockGet)
                  0000037c    000000d0     uart_echo.obj (.text:main)
                  0000044c    0000009c     rtsv7M4_T_le_v4SPD16_eabi.lib : memcpy_t2.obj (.text)
                  000004e8    00000078     uart_echo.obj (.text:UARTIntHandler)
                  00000560    00000070     rtsv7M4_T_le_v4SPD16_eabi.lib : autoinit.obj (.text)
                  000005d0    00000068                                   : copy_decompress_lzss.obj (.text:decompress:lzss)
                  00000638    00000054                                   : boot.obj (.text)
                  0000068c    00000054                                   : exit.obj (.text)
                  000006e0    0000004c                                   : cpy_tbl.obj (.text)
                  0000072c    00000048     driverlib.lib : gpio.obj (.text:GPIOPinConfigure)
                  00000774    00000028     uart_echo.obj (.text:UARTSend)
                  0000079c    00000018     rtsv7M4_T_le_v4SPD16_eabi.lib : args_main.obj (.text)
                  000007b4    00000014                                   : _lock.obj (.text)
                  000007c8    0000000e                                   : copy_decompress_none.obj (.text:decompress:none)
                  000007d6    00000006     driverlib.lib : gpio.obj (.text:GPIOPinWrite)
                  000007dc    00000006     startup_ccs.obj (.text:ResetISR)
                  000007e2    00000006     driverlib.lib : sysctl.obj (.text:SysCtlDelay)
                  000007e8    00000004     rtsv7M4_T_le_v4SPD16_eabi.lib : pre_init.obj (.text)
                  000007ec    00000002     startup_ccs.obj (.text:FaultISR)
                  000007ee    00000002     startup_ccs.obj (.text:IntDefaultHandler)
                  000007f0    00000002     startup_ccs.obj (.text:NmiSR)
                  000007f2    00000002     rtsv7M4_T_le_v4SPD16_eabi.lib : mpu_init.obj (.text)
                  000007f4    00000002                                   : startup.obj (.text)

.const     0    000007f8    000000fc     
                  000007f8    00000090     driverlib.lib : gpio.obj (.const:g_pui32GPIOBaseAddrs)
                  00000888    0000006c                   : sysctl.obj (.const:g_pui32Xtals)

.cinit     0    000008f8    00000024     
                  000008f8    00000011     (.cinit..data.load) [load image, compression = lzss]
                  00000909    00000003     --HOLE-- [fill = 0]
                  0000090c    00000008     (__TI_handler_table)
                  00000914    00000008     (__TI_cinit_table)

.init_array 
*          0    00000000    00000000     UNINITIALIZED

.stack     0    20000000    00000100     UNINITIALIZED
                  20000000    00000100     --HOLE--

.data      0    20000100    00000018     UNINITIALIZED
                  20000100    0000000c     rtsv7M4_T_le_v4SPD16_eabi.lib : exit.obj (.data:$O1$$)
                  2000010c    00000008                                   : _lock.obj (.data:$O1$$)
                  20000114    00000004                                   : stkdepth_vars.obj (.data)

MODULE SUMMARY

       Module                     code   ro data   rw data
       ------                     ----   -------   -------
    .\
       startup_ccs.obj            12     620       0      
       uart_echo.obj              368    0         0      
    +--+--------------------------+------+---------+---------+
       Total:                     380    620       0      
                                                          
    C:\ti\ccsv7\tools\compiler\ti-cgt-arm_16.9.6.LTS\lib\rtsv7M4_T_le_v4SPD16_eabi.lib
       memcpy_t2.obj              156    0         0      
       autoinit.obj               112    0         0      
       copy_decompress_lzss.obj   104    0         0      
       exit.obj                   84     0         12     
       boot.obj                   84     0         0      
       cpy_tbl.obj                76     0         0      
       _lock.obj                  20     0         8      
       args_main.obj              24     0         0      
       copy_decompress_none.obj   14     0         0      
       pre_init.obj               4      0         0      
       stkdepth_vars.obj          0      0         4      
       mpu_init.obj               2      0         0      
       startup.obj                2      0         0      
    +--+--------------------------+------+---------+---------+
       Total:                     682    0         24     
                                                          
    c:/ti/TivaWare_C_Series-2.1.4.178/driverlib/ccs/Debug/driverlib.lib
       sysctl.obj                 278    108       0      
       gpio.obj                   78     144       0      
    +--+--------------------------+------+---------+---------+
       Total:                     356    252       0      
                                                          
       Stack:                     0      0         256    
       Linker Generated:          0      33        0      
    +--+--------------------------+------+---------+---------+
       Grand Total:               1418   905       280    


LINKER GENERATED COPY TABLES

__TI_cinit_table @ 00000914 records: 1, size/record: 8, table size: 8
	.data: load addr=000008f8, load size=00000011 bytes, run addr=20000100, run size=00000018 bytes, compression=lzss


LINKER GENERATED HANDLER TABLE

__TI_handler_table @ 0000090c records: 2, size/record: 4, table size: 8
	index: 0, handler: __TI_decompress_lzss
	index: 1, handler: __TI_decompress_none


GLOBAL SYMBOLS: SORTED ALPHABETICALLY BY Name 

address   name                           
-------   ----                           
0000068d  C$$EXIT                        
0000072d  GPIOPinConfigure               
000007d7  GPIOPinWrite                   
000007dd  ResetISR                       
UNDEFED   SHT$$INIT_ARRAY$$Base          
UNDEFED   SHT$$INIT_ARRAY$$Limit         
0000026d  SysCtlClockGet                 
000007e3  SysCtlDelay                    
000004e9  UARTIntHandler                 
00000775  UARTSend                       
20000100  __STACK_END                    
00000100  __STACK_SIZE                   
20000100  __STACK_TOP                    
00000914  __TI_CINIT_Base                
0000091c  __TI_CINIT_Limit               
0000090c  __TI_Handler_Table_Base        
00000914  __TI_Handler_Table_Limit       
00000561  __TI_auto_init                 
20000100  __TI_cleanup_ptr               
000005d1  __TI_decompress_lzss           
000007c9  __TI_decompress_none           
20000104  __TI_dtors_ptr                 
20000108  __TI_enable_exit_profile_output
ffffffff  __TI_pprof_out_hndl            
ffffffff  __TI_prof_data_size            
ffffffff  __TI_prof_data_start           
00000000  __TI_static_base__             
0000044d  __aeabi_memcpy                 
0000044d  __aeabi_memcpy4                
0000044d  __aeabi_memcpy8                
ffffffff  __binit__                      
ffffffff  __c_args__                     
000007f3  __mpu_init                     
20000000  __stack                        
0000079d  _args_main                     
00000639  _c_int00                       
2000010c  _lock                          
000007c3  _nop                           
000007bb  _register_lock                 
000007b5  _register_unlock               
000007f5  _system_post_cinit             
000007e9  _system_pre_init               
20000110  _unlock                        
00000691  abort                          
ffffffff  binit                          
000006e1  copy_in                        
00000699  exit                           
00000000  g_pfnVectors                   
0000037d  main                           
20000114  main_func_sp                   
0000044d  memcpy                         


GLOBAL SYMBOLS: SORTED BY Symbol Address 

address   name                           
-------   ----                           
00000000  __TI_static_base__             
00000000  g_pfnVectors                   
00000100  __STACK_SIZE                   
0000026d  SysCtlClockGet                 
0000037d  main                           
0000044d  __aeabi_memcpy                 
0000044d  __aeabi_memcpy4                
0000044d  __aeabi_memcpy8                
0000044d  memcpy                         
000004e9  UARTIntHandler                 
00000561  __TI_auto_init                 
000005d1  __TI_decompress_lzss           
00000639  _c_int00                       
0000068d  C$$EXIT                        
00000691  abort                          
00000699  exit                           
000006e1  copy_in                        
0000072d  GPIOPinConfigure               
00000775  UARTSend                       
0000079d  _args_main                     
000007b5  _register_unlock               
000007bb  _register_lock                 
000007c3  _nop                           
000007c9  __TI_decompress_none           
000007d7  GPIOPinWrite                   
000007dd  ResetISR                       
000007e3  SysCtlDelay                    
000007e9  _system_pre_init               
000007f3  __mpu_init                     
000007f5  _system_post_cinit             
0000090c  __TI_Handler_Table_Base        
00000914  __TI_CINIT_Base                
00000914  __TI_Handler_Table_Limit       
0000091c  __TI_CINIT_Limit               
20000000  __stack                        
20000100  __STACK_END                    
20000100  __STACK_TOP                    
20000100  __TI_cleanup_ptr               
20000104  __TI_dtors_ptr                 
20000108  __TI_enable_exit_profile_output
2000010c  _lock                          
20000110  _unlock                        
20000114  main_func_sp                   
ffffffff  __TI_pprof_out_hndl            
ffffffff  __TI_prof_data_size            
ffffffff  __TI_prof_data_start           
ffffffff  __binit__                      
ffffffff  __c_args__                     
ffffffff  binit                          
UNDEFED   SHT$$INIT_ARRAY$$Base          
UNDEFED   SHT$$INIT_ARRAY$$Limit         

[51 symbols]
