******************************************************************************
                  TI ARM Linker PC v18.1.2                     
******************************************************************************
>> Linked Sat Mar 30 10:23:32 2019

OUTPUT FILE NAME:   <uart_echo.out>
ENTRY POINT SYMBOL: "_c_int00_noargs"  address: 00000cf9


MEMORY CONFIGURATION

         name            origin    length      used     unused   attr    fill
----------------------  --------  ---------  --------  --------  ----  --------
  FLASH                 00000000   00040000  00000dee  0003f212  R  X
  SRAM                  20000000   00008000  00000129  00007ed7  RW X


SEGMENT ALLOCATION MAP

run origin  load origin   length   init length attrs members
----------  ----------- ---------- ----------- ----- -------
00000000    00000000    00000df0   00000df0    r-x
  00000000    00000000    0000026c   0000026c    r-- .intvecs
  0000026c    0000026c    00000b52   00000b52    r-x .text
  00000dc0    00000dc0    00000030   00000030    r-- .cinit
20000000    20000000    00000129   00000000    rw-
  20000000    20000000    00000100   00000000    rw- .stack
  20000100    20000100    00000020   00000000    rw- .data
  20000120    20000120    00000009   00000000    rw- .bss


SECTION ALLOCATION MAP

 output                                  attributes/
section   page    origin      length       input sections
--------  ----  ----------  ----------   ----------------
.intvecs   0    00000000    0000026c     
                  00000000    0000026c     startup_ccs.obj (.intvecs)

.text      0    0000026c    00000b52     
                  0000026c    000002c8     uart_echo.obj (.text:main)
                  00000534    000001d0     uart_echo.obj (.text:UARTIntHandler)
                  00000704    00000198     uart_echo.obj (.text:configADC_IniciaADC)
                  0000089c    0000018c     uart_echo.obj (.text:calculadireccion)
                  00000a28    000000c4     uart_echo.obj (.text:configADC_ISRTimer2)
                  00000aec    000000c4     uart_echo.obj (.text:configADC_ISRTimer3)
                  00000bb0    0000009c     rtsv7M4_T_le_v4SPD16_eabi.lib : memcpy_t2.asm.obj (.text)
                  00000c4c    00000068                                   : copy_decompress_lzss.c.obj (.text:decompress:lzss:__TI_decompress_lzss)
                  00000cb4    00000044                                   : autoinit.c.obj (.text:__TI_auto_init_nobinit_nopinit:__TI_auto_init_nobinit_nopinit)
                  00000cf8    00000038                                   : boot_cortex_m.c.obj (.text:_c_int00_noargs:_c_int00_noargs)
                  00000d30    0000001c     uart_echo.obj (.text:Timer2IntHandler)
                  00000d4c    0000001c     uart_echo.obj (.text:Timer3IntHandler)
                  00000d68    00000018     driverlib.lib : adc.obj (.text:ADCClockConfigSet)
                  00000d80    00000012     rtsv7M4_T_le_v4SPD16_eabi.lib : copy_zero_init.c.obj (.text:decompress:ZI:__TI_zero_init_nomemset:__TI_zero_init_nomemset)
                  00000d92    0000000e                                   : copy_decompress_none.c.obj (.text:decompress:none:__TI_decompress_none)
                  00000da0    0000000a     driverlib.lib : adc.obj (.text:ADCIntClear)
                  00000daa    00000006     startup_ccs.obj (.text:ResetISR)
                  00000db0    00000004     rtsv7M4_T_le_v4SPD16_eabi.lib : pre_init.c.obj (.text:_system_pre_init)
                  00000db4    00000004                                   : exit.c.obj (.text:abort:abort)
                  00000db8    00000002     startup_ccs.obj (.text:FaultISR)
                  00000dba    00000002     startup_ccs.obj (.text:IntDefaultHandler)
                  00000dbc    00000002     startup_ccs.obj (.text:NmiSR)

.cinit     0    00000dc0    00000030     
                  00000dc0    0000000c     (__TI_handler_table)
                  00000dcc    00000004     --HOLE-- [fill = 0]
                  00000dd0    00000008     (.cinit..bss.load) [load image, compression = zero_init]
                  00000dd8    00000008     (.cinit..data.load) [load image, compression = lzss]
                  00000de0    00000010     (__TI_cinit_table)

.init_array 
*          0    00000000    00000000     UNINITIALIZED

.data      0    20000100    00000020     UNINITIALIZED
                  20000100    00000020     uart_echo.obj (.data)

.bss       0    20000120    00000009     UNINITIALIZED
                  20000120    00000004     (.common:ruedaderecha)
                  20000124    00000004     (.common:ruedaizquierda)
                  20000128    00000001     (.common:c)

.stack     0    20000000    00000100     UNINITIALIZED
                  20000000    00000004     rtsv7M4_T_le_v4SPD16_eabi.lib : boot_cortex_m.c.obj (.stack)
                  20000004    000000fc     --HOLE--

MODULE SUMMARY

       Module                       code   ro data   rw data
       ------                       ----   -------   -------
    .\
       uart_echo.obj                2428   0         41     
       startup_ccs.obj              12     620       0      
    +--+----------------------------+------+---------+---------+
       Total:                       2440   620       41     
                                                            
    C:\ti\ccsv8\tools\compiler\ti-cgt-arm_18.1.2.LTS\lib\rtsv7M4_T_le_v4SPD16_eabi.lib
       memcpy_t2.asm.obj            156    0         0      
       copy_decompress_lzss.c.obj   104    0         0      
       autoinit.c.obj               68     0         0      
       boot_cortex_m.c.obj          56     0         0      
       copy_zero_init.c.obj         18     0         0      
       copy_decompress_none.c.obj   14     0         0      
       exit.c.obj                   4      0         0      
       pre_init.c.obj               4      0         0      
    +--+----------------------------+------+---------+---------+
       Total:                       424    0         0      
                                                            
    c:/ti/TivaWare_C_Series-2.1.4.178/driverlib/ccs/Debug/driverlib.lib
       adc.obj                      34     0         0      
    +--+----------------------------+------+---------+---------+
       Total:                       34     0         0      
                                                            
       Stack:                       0      0         256    
       Linker Generated:            0      44        0      
    +--+----------------------------+------+---------+---------+
       Grand Total:                 2898   664       297    


LINKER GENERATED COPY TABLES

__TI_cinit_table @ 00000de0 records: 2, size/record: 8, table size: 16
	.bss: load addr=00000dd0, load size=00000008 bytes, run addr=20000120, run size=00000009 bytes, compression=zero_init
	.data: load addr=00000dd8, load size=00000008 bytes, run addr=20000100, run size=00000020 bytes, compression=lzss


LINKER GENERATED HANDLER TABLE

__TI_handler_table @ 00000dc0 records: 3, size/record: 4, table size: 12
	index: 0, handler: __TI_decompress_lzss
	index: 1, handler: __TI_decompress_none
	index: 2, handler: __TI_zero_init


GLOBAL SYMBOLS: SORTED ALPHABETICALLY BY Name 

address   name                          
-------   ----                          
00000d69  ADCClockConfigSet             
00000da1  ADCIntClear                   
00000db5  C$$EXIT                       
00000dab  ResetISR                      
00000d31  Timer2IntHandler              
00000d4d  Timer3IntHandler              
00000535  UARTIntHandler                
20000100  __STACK_END                   
00000100  __STACK_SIZE                  
20000100  __STACK_TOP                   
00000de0  __TI_CINIT_Base               
00000df0  __TI_CINIT_Limit              
00000dc0  __TI_Handler_Table_Base       
00000dcc  __TI_Handler_Table_Limit      
00000cb5  __TI_auto_init_nobinit_nopinit
00000c4d  __TI_decompress_lzss          
00000d93  __TI_decompress_none          
ffffffff  __TI_pprof_out_hndl           
ffffffff  __TI_prof_data_size           
ffffffff  __TI_prof_data_start          
00000000  __TI_static_base__            
00000d81  __TI_zero_init_nomemset       
00000bb1  __aeabi_memcpy                
00000bb1  __aeabi_memcpy4               
00000bb1  __aeabi_memcpy8               
ffffffff  __binit__                     
ffffffff  __c_args__                    
UNDEFED   __mpu_init                    
20000000  __stack                       
00000cf9  _c_int00_noargs               
UNDEFED   _system_post_cinit            
00000db1  _system_pre_init              
00000db5  abort                         
ffffffff  binit                         
20000128  c                             
0000089d  calculadireccion              
00000a29  configADC_ISRTimer2           
00000aed  configADC_ISRTimer3           
00000705  configADC_IniciaADC           
20000110  fuerzaad                      
20000114  fuerzaai                      
20000118  fuerzad                       
2000011c  fuerzai                       
20000108  fuerzard                      
2000010c  fuerzari                      
00000000  g_pfnVectors                  
20000100  k                             
0000026d  main                          
00000bb1  memcpy                        
20000104  q                             
20000120  ruedaderecha                  
20000124  ruedaizquierda                


GLOBAL SYMBOLS: SORTED BY Symbol Address 

address   name                          
-------   ----                          
00000000  __TI_static_base__            
00000000  g_pfnVectors                  
00000100  __STACK_SIZE                  
0000026d  main                          
00000535  UARTIntHandler                
00000705  configADC_IniciaADC           
0000089d  calculadireccion              
00000a29  configADC_ISRTimer2           
00000aed  configADC_ISRTimer3           
00000bb1  __aeabi_memcpy                
00000bb1  __aeabi_memcpy4               
00000bb1  __aeabi_memcpy8               
00000bb1  memcpy                        
00000c4d  __TI_decompress_lzss          
00000cb5  __TI_auto_init_nobinit_nopinit
00000cf9  _c_int00_noargs               
00000d31  Timer2IntHandler              
00000d4d  Timer3IntHandler              
00000d69  ADCClockConfigSet             
00000d81  __TI_zero_init_nomemset       
00000d93  __TI_decompress_none          
00000da1  ADCIntClear                   
00000dab  ResetISR                      
00000db1  _system_pre_init              
00000db5  C$$EXIT                       
00000db5  abort                         
00000dc0  __TI_Handler_Table_Base       
00000dcc  __TI_Handler_Table_Limit      
00000de0  __TI_CINIT_Base               
00000df0  __TI_CINIT_Limit              
20000000  __stack                       
20000100  __STACK_END                   
20000100  __STACK_TOP                   
20000100  k                             
20000104  q                             
20000108  fuerzard                      
2000010c  fuerzari                      
20000110  fuerzaad                      
20000114  fuerzaai                      
20000118  fuerzad                       
2000011c  fuerzai                       
20000120  ruedaderecha                  
20000124  ruedaizquierda                
20000128  c                             
ffffffff  __TI_pprof_out_hndl           
ffffffff  __TI_prof_data_size           
ffffffff  __TI_prof_data_start          
ffffffff  __binit__                     
ffffffff  __c_args__                    
ffffffff  binit                         
UNDEFED   __mpu_init                    
UNDEFED   _system_post_cinit            

[52 symbols]
