******************************************************************************
                  TI ARM Linker PC v16.9.6                     
******************************************************************************
>> Linked Wed Feb 07 09:50:54 2018

OUTPUT FILE NAME:   <uart_echo.out>
ENTRY POINT SYMBOL: "_c_int00"  address: 000009e9


MEMORY CONFIGURATION

         name            origin    length      used     unused   attr    fill
----------------------  --------  ---------  --------  --------  ----  --------
  FLASH                 00000000   00040000  00000c9c  0003f364  R  X
  SRAM                  20000000   00008000  00000118  00007ee8  RW X


SEGMENT ALLOCATION MAP

run origin  load origin   length   init length attrs members
----------  ----------- ---------- ----------- ----- -------
00000000    00000000    00000c9c   00000c9c    r-x
  00000000    00000000    0000026c   0000026c    r-- .intvecs
  0000026c    0000026c    0000099c   0000099c    r-x .text
  00000c08    00000c08    00000070   00000070    r-- .const
  00000c78    00000c78    00000024   00000024    r-- .cinit
20000000    20000000    00000118   00000000    rw-
  20000000    20000000    00000100   00000000    rw- .stack
  20000100    20000100    00000018   00000000    rw- .data


SECTION ALLOCATION MAP

 output                                  attributes/
section   page    origin      length       input sections
--------  ----  ----------  ----------   ----------------
.intvecs   0    00000000    0000026c     
                  00000000    0000026c     startup_ccs.obj (.intvecs)

.text      0    0000026c    0000099c     
                  0000026c    0000027c     uart_echo.obj (.text:main)
                  000004e8    0000012c     uart_echo.obj (.text:configADC_ISR)
                  00000614    000000a0     uart_echo.obj (.text:configADC_IniciaADC)
                  000006b4    0000009c     rtsv7M4_T_le_v4SPD16_eabi.lib : memcpy_t2.obj (.text)
                  00000750    00000084     uart_echo.obj (.text:UARTIntHandler)
                  000007d4    0000007a     driverlib.lib : adc.obj (.text:ADCSequenceStepConfigure)
                  0000084e    00000002     startup_ccs.obj (.text:FaultISR)
                  00000850    00000070     rtsv7M4_T_le_v4SPD16_eabi.lib : autoinit.obj (.text)
                  000008c0    00000068     driverlib.lib : interrupt.obj (.text:IntEnable)
                  00000928    00000068     rtsv7M4_T_le_v4SPD16_eabi.lib : copy_decompress_lzss.obj (.text:decompress:lzss)
                  00000990    00000058     driverlib.lib : timer.obj (.text:TimerControlTrigger)
                  000009e8    00000054     rtsv7M4_T_le_v4SPD16_eabi.lib : boot.obj (.text)
                  00000a3c    00000054                                   : exit.obj (.text)
                  00000a90    00000050     driverlib.lib : adc.obj (.text:ADCSequenceConfigure)
                  00000ae0    0000004c     rtsv7M4_T_le_v4SPD16_eabi.lib : cpy_tbl.obj (.text)
                  00000b2c    0000001c     uart_echo.obj (.text:Timer4IntHandler)
                  00000b48    00000018     driverlib.lib : adc.obj (.text:ADCClockConfigSet)
                  00000b60    00000018                   : timer.obj (.text:TimerControlStall)
                  00000b78    00000018     rtsv7M4_T_le_v4SPD16_eabi.lib : args_main.obj (.text)
                  00000b90    00000014                                   : _lock.obj (.text)
                  00000ba4    00000010     driverlib.lib : adc.obj (.text:ADCIntEnable)
                  00000bb4    0000000e                   : adc.obj (.text:ADCSequenceDisable)
                  00000bc2    0000000e                   : adc.obj (.text:ADCSequenceEnable)
                  00000bd0    0000000e                   : timer.obj (.text:TimerEnable)
                  00000bde    0000000e     rtsv7M4_T_le_v4SPD16_eabi.lib : copy_decompress_none.obj (.text:decompress:none)
                  00000bec    0000000a     driverlib.lib : adc.obj (.text:ADCIntClear)
                  00000bf6    00000006     startup_ccs.obj (.text:ResetISR)
                  00000bfc    00000004     rtsv7M4_T_le_v4SPD16_eabi.lib : pre_init.obj (.text)
                  00000c00    00000002     startup_ccs.obj (.text:IntDefaultHandler)
                  00000c02    00000002     startup_ccs.obj (.text:NmiSR)
                  00000c04    00000002     rtsv7M4_T_le_v4SPD16_eabi.lib : mpu_init.obj (.text)
                  00000c06    00000002                                   : startup.obj (.text)

.const     0    00000c08    00000070     
                  00000c08    00000070     driverlib.lib : interrupt.obj (.const)

.cinit     0    00000c78    00000024     
                  00000c78    00000011     (.cinit..data.load) [load image, compression = lzss]
                  00000c89    00000003     --HOLE-- [fill = 0]
                  00000c8c    00000008     (__TI_handler_table)
                  00000c94    00000008     (__TI_cinit_table)

.init_array 
*          0    00000000    00000000     UNINITIALIZED

.stack     0    20000000    00000100     UNINITIALIZED
                  20000000    00000100     --HOLE--

.data      0    20000100    00000018     UNINITIALIZED
                  20000100    0000000c     rtsv7M4_T_le_v4SPD16_eabi.lib : exit.obj (.data:$O1$$)
                  2000010c    00000008                                   : _lock.obj (.data:$O1$$)
                  20000114    00000004                                   : stkdepth_vars.obj (.data)

MODULE SUMMARY

       Module                     code   ro data   rw data
       ------                     ----   -------   -------
    .\
       uart_echo.obj              1256   0         0      
       startup_ccs.obj            12     620       0      
    +--+--------------------------+------+---------+---------+
       Total:                     1268   620       0      
                                                          
    C:\ti\ccsv7\tools\compiler\ti-cgt-arm_16.9.6.LTS\lib\rtsv7M4_T_le_v4SPD16_eabi.lib
       memcpy_t2.obj              156    0         0      
       autoinit.obj               112    0         0      
       copy_decompress_lzss.obj   104    0         0      
       exit.obj                   84     0         12     
       boot.obj                   84     0         0      
       cpy_tbl.obj                76     0         0      
       _lock.obj                  20     0         8      
       args_main.obj              24     0         0      
       copy_decompress_none.obj   14     0         0      
       pre_init.obj               4      0         0      
       stkdepth_vars.obj          0      0         4      
       mpu_init.obj               2      0         0      
       startup.obj                2      0         0      
    +--+--------------------------+------+---------+---------+
       Total:                     682    0         24     
                                                          
    c:/ti/TivaWare_C_Series-2.1.4.178/driverlib/ccs/Debug/driverlib.lib
       adc.obj                    280    0         0      
       interrupt.obj              104    112       0      
       timer.obj                  126    0         0      
    +--+--------------------------+------+---------+---------+
       Total:                     510    112       0      
                                                          
       Stack:                     0      0         256    
       Linker Generated:          0      33        0      
    +--+--------------------------+------+---------+---------+
       Grand Total:               2460   765       280    


LINKER GENERATED COPY TABLES

__TI_cinit_table @ 00000c94 records: 1, size/record: 8, table size: 8
	.data: load addr=00000c78, load size=00000011 bytes, run addr=20000100, run size=00000018 bytes, compression=lzss


LINKER GENERATED HANDLER TABLE

__TI_handler_table @ 00000c8c records: 2, size/record: 4, table size: 8
	index: 0, handler: __TI_decompress_lzss
	index: 1, handler: __TI_decompress_none


GLOBAL SYMBOLS: SORTED ALPHABETICALLY BY Name 

address   name                           
-------   ----                           
00000b49  ADCClockConfigSet              
00000bed  ADCIntClear                    
00000ba5  ADCIntEnable                   
00000a91  ADCSequenceConfigure           
00000bb5  ADCSequenceDisable             
00000bc3  ADCSequenceEnable              
000007d5  ADCSequenceStepConfigure       
00000a3d  C$$EXIT                        
000008c1  IntEnable                      
00000bf7  ResetISR                       
UNDEFED   SHT$$INIT_ARRAY$$Base          
UNDEFED   SHT$$INIT_ARRAY$$Limit         
00000b2d  Timer4IntHandler               
00000b61  TimerControlStall              
00000991  TimerControlTrigger            
00000bd1  TimerEnable                    
00000751  UARTIntHandler                 
20000100  __STACK_END                    
00000100  __STACK_SIZE                   
20000100  __STACK_TOP                    
00000c94  __TI_CINIT_Base                
00000c9c  __TI_CINIT_Limit               
00000c8c  __TI_Handler_Table_Base        
00000c94  __TI_Handler_Table_Limit       
00000851  __TI_auto_init                 
20000100  __TI_cleanup_ptr               
00000929  __TI_decompress_lzss           
00000bdf  __TI_decompress_none           
20000104  __TI_dtors_ptr                 
20000108  __TI_enable_exit_profile_output
ffffffff  __TI_pprof_out_hndl            
ffffffff  __TI_prof_data_size            
ffffffff  __TI_prof_data_start           
00000000  __TI_static_base__             
000006b5  __aeabi_memcpy                 
000006b5  __aeabi_memcpy4                
000006b5  __aeabi_memcpy8                
ffffffff  __binit__                      
ffffffff  __c_args__                     
00000c05  __mpu_init                     
20000000  __stack                        
00000b79  _args_main                     
000009e9  _c_int00                       
2000010c  _lock                          
00000b9f  _nop                           
00000b97  _register_lock                 
00000b91  _register_unlock               
00000c07  _system_post_cinit             
00000bfd  _system_pre_init               
20000110  _unlock                        
00000a41  abort                          
ffffffff  binit                          
000004e9  configADC_ISR                  
00000615  configADC_IniciaADC            
00000ae1  copy_in                        
00000a49  exit                           
00000000  g_pfnVectors                   
0000026d  main                           
20000114  main_func_sp                   
000006b5  memcpy                         


GLOBAL SYMBOLS: SORTED BY Symbol Address 

address   name                           
-------   ----                           
00000000  __TI_static_base__             
00000000  g_pfnVectors                   
00000100  __STACK_SIZE                   
0000026d  main                           
000004e9  configADC_ISR                  
00000615  configADC_IniciaADC            
000006b5  __aeabi_memcpy                 
000006b5  __aeabi_memcpy4                
000006b5  __aeabi_memcpy8                
000006b5  memcpy                         
00000751  UARTIntHandler                 
000007d5  ADCSequenceStepConfigure       
00000851  __TI_auto_init                 
000008c1  IntEnable                      
00000929  __TI_decompress_lzss           
00000991  TimerControlTrigger            
000009e9  _c_int00                       
00000a3d  C$$EXIT                        
00000a41  abort                          
00000a49  exit                           
00000a91  ADCSequenceConfigure           
00000ae1  copy_in                        
00000b2d  Timer4IntHandler               
00000b49  ADCClockConfigSet              
00000b61  TimerControlStall              
00000b79  _args_main                     
00000b91  _register_unlock               
00000b97  _register_lock                 
00000b9f  _nop                           
00000ba5  ADCIntEnable                   
00000bb5  ADCSequenceDisable             
00000bc3  ADCSequenceEnable              
00000bd1  TimerEnable                    
00000bdf  __TI_decompress_none           
00000bed  ADCIntClear                    
00000bf7  ResetISR                       
00000bfd  _system_pre_init               
00000c05  __mpu_init                     
00000c07  _system_post_cinit             
00000c8c  __TI_Handler_Table_Base        
00000c94  __TI_CINIT_Base                
00000c94  __TI_Handler_Table_Limit       
00000c9c  __TI_CINIT_Limit               
20000000  __stack                        
20000100  __STACK_END                    
20000100  __STACK_TOP                    
20000100  __TI_cleanup_ptr               
20000104  __TI_dtors_ptr                 
20000108  __TI_enable_exit_profile_output
2000010c  _lock                          
20000110  _unlock                        
20000114  main_func_sp                   
ffffffff  __TI_pprof_out_hndl            
ffffffff  __TI_prof_data_size            
ffffffff  __TI_prof_data_start           
ffffffff  __binit__                      
ffffffff  __c_args__                     
ffffffff  binit                          
UNDEFED   SHT$$INIT_ARRAY$$Base          
UNDEFED   SHT$$INIT_ARRAY$$Limit         

[60 symbols]
